FM_TEST_BEGIN 2026-10-09T08:26:11Z tests/fm-branch-supervision.test.sh family=standalone expected_gate_skip=none
ok - branch prompt is byte-stable across homes, cwd, timezone, and time, above the cache floor
ok - outcome store is append-only and refuses sequence reuse after a torn tail
ok - outcome append refreshes a bounded, verbatim display tail of the newest rows without moving the cursor
ok - the display tail keeps only whole newest rows within its 1 MiB budget, never shortening one
ok - outcome seed-tail writes an absent display tail from a valid store's newest rows without moving a marker, and leaves an existing one to append
ok - seed-tail validates and publishes only a bounded newest window, not old malformed history
ok - routine task and fleet no-change outcomes stay stored and silent captain outcomes are refused
ok - startup replay cannot advance the cursor across an unrendered captain outcome
ok - malformed and ahead-of-store cursor state fail closed before any outcome can be skipped
ok - cursor advancement refuses to legitimize an ahead processed marker
ok - middle sequence conflicts fail closed for every store read and append
ok - outcome lookup returns exact sequence rows and distinguishes missing receipts
ok - outcome stores require terminated single-line JSON records
ok - the processed marker is sequence-bound, never ahead of the read cursor, never backwards, and never adopts delivered history
ok - outcome store: present shows each routine row once and each captain row until it is acknowledged
ok - outcome store: present and unprocessed name each captain row's recorded age without writing it
ok - lease exclusivity, same-actor refresh, release, staleness, and sweep hold
ok - fm-control and fm-teardown refuse the other actor's live lease and pass through otherwise
ok - PR merge, local landing, and new-task spawn refuse the branch actor and spare main
ok - a home without a live branch lease takes no lock and clears leftover leases in any calling context
ok - an unmarked main honors a live branch lease across processes and ignores a previous session's
ok - a lease file makes an unmarked guard exclude a concurrent claim for the complete mutation
ok - a host home's unmarked main excludes the host's first claim for its whole mutation, and other homes take no lock
ok - lease liveness requires an exact valid session-lock pid
ok - concurrent stale-lease claims serialize so exactly one actor succeeds
ok - guard stale cleanup cannot race with or delete a newer lease claim
ok - lease guard excludes a concurrent actor for the complete mutation
ok - a claim naming the other actor fails loudly instead of silently impersonating it
ok - release commands authorize the caller and bulk release drops only that actor's leases
ok - holder-bound cleanup preserves main leases and refuses a replaced session before releasing branch leases
ok - the branch cannot force a teardown or bypass fm-control for a relaunch
ok - the away-posture record relocates the PR merge and a spawn under the spend cap to the branch, never local landing, and only while confirmed, valid, and away
ok - relocated branch spawn admits only already-queued dispatchable work, including on a manual-backend home
ok - the away spend cap is rechecked under the task-set lock so concurrent spawns cannot both publish
ok - a quiet-mode record never caps a present captain's spawn, while the away record's cap still binds
FM_TEST_END 2026-10-09T08:26:49Z tests/fm-branch-supervision.test.sh exit=0 duration_ms=37438 gate_skip=false
FM_TEST_BEGIN 2026-10-09T08:26:49Z tests/fm-pi-branch-extension.test.sh family=standalone expected_gate_skip=none
ok - fm_branch_outcomes and fm_branch_processed call headers match stock on Pi before and from 0.99
ok - fm_branch_outcomes hides through ToolExecutionComponent while Calm-off and HTML export stay stock
ok - the installed Pi still bounds the picker's list and ranks its search
ok - branch owns accepted wakes with a stable prefix and deterministic verdict-driven delivery
ok - a captain outcome reaches main's model as one typed, sequence-keyed processing request while routine notes stay plain
ok - requested and unsolicited healthy outcomes keep distinct delivery and event ownership
ok - captain outcomes are exact and exactly once across crash, reload, busy main, compaction, and an unrelated assistant response
ok - a captain outcome opens one sequence-keyed processing turn, survives empty and unrelated answers, is re-presented at run end and session start, and closes only on its acknowledgement
ok - Pi: an abbreviated processing request points to the full outcome and instructs main to read it first
ok - Pi: a marker-less >1 MiB backlog is presented oldest first in bounded requests and continues after batch acknowledgement
ok - an unprocessed captain row the store lists without its age is reported to main, never formatted undated, and stays unprocessed until the store is healthy
ok - scopeForUnreadWake excludes every main-only class without vetoing eligible task-local rows, and writes the eligible snapshot
ok - second-mate signal rows route by their new span while crewmate and stale routing stay unchanged
ok - branch prompt_cache_key is stable per home across sessions and distinct between homes
ok - branch default-on eligibility (task-scoped, heartbeat, legacy flag ignored) binds and a broken branch rejects to watcher fallback
ok - under the away-posture record the wake carries the verbatim read-back tail, claims every row, opens no processing turn, cancels a pending request, and presents the accumulated rows after archive
ok - Pi branch: an unchanged held outcome reaches the captain once across cadences, and a later red check on the task still does
ok - an accepted away-only wake rejects after archive, while a drained task-local wake stays a quiet no-op
ok - a claimed heartbeat row on a non-heartbeat away wake lifts task scoping for the fleet report
ok - a heartbeat review survives a check row arriving before its drain
ok - fm_branch_report refuses a task the wake did not name, fleet included, while a heartbeat is unscoped
ok - pre-drain eligibility re-check excludes a newly main-owned row without deferring eligible work
ok - a co-present needs-decision row neither vetoes nor falsely settles routine branch delivery
ok - success, abort, provider failure, and missing reports release live-PID leases while active turns and main leases stay protected
ok - failed turn cleanup rejects delivery and retries at the next owner boundary; late old-generation cleanup preserves replacement leases and reload drains in-flight cleanup
ok - a settled branch turn without a durable outcome falls back and releases its grant for main replay
ok - provider-error latches cool down, re-probe once with backoff, and recover through a durable report
ok - selection changes preserve in-flight transcript ownership and reset provider-error streaks
ok - a stale main claim returns the durable wake to watcher delivery
ok - pre-drain eligibility re-check no-ops an already-drained wake
ok - dialog mirror filters tool and operational traffic, lands before wakes, and keeps a durable cursor
ok - the dialog mirror re-anchors for each session's new branch conversation and stays incremental within it
ok - every main session start begins a new branch conversation while one session keeps its own
ok - the current pin state binds every branch build, and clearing it returns the branch to main's model
ok - unpinned branches follow main model changes live while pinned branches stay fixed
ok - supervision-model command persists the captain's pick and rebinds the live branch
ok - supervision-model opens a bounded searchable list, follow main first, and pins the branch alone
ok - branch model picker keeps follow main first and filters the eligible catalog
ok - the effort pin binds every branch build, and clearing it returns the branch to main's effort
ok - unpinned branches follow main effort changes live while pinned branches stay fixed
ok - an extension-registered provider resolves in the isolated branch runtime
ok - supervision-model runs an effort picker after the model picker and persists both independently
ok - an unusable model pin rejects to watcher fallback and an unparseable one is treated as no pin
ok - replacement activation cleans old branch leases and retries failed cleanup
ok - branch activates on a cold start once the lock is acquired, never before
ok - queued wakes and mirrors stop mutating branch state after lock ownership is lost
ok - stale reports, shells, mirrors, cursors, leases, and prompts perform no side effects
ok - a Pi session that does not own the lock accepts nothing and mutates no branch state
ok - an extension rebind re-mirrors undelivered dialog instead of dropping it
ok - outcome delivery keeps the event loop running and interleaved reports stay ordered and exactly once
ok - a session replaced mid-delivery cancels cleanly and the stored outcome still arrives exactly once
ok - a failing store script surfaces to the branch and its outcome is neither lost nor delivered twice
ok - a failed cursor write re-delivers a routine note exactly once more while a captain outcome stays deduplicated
FM_TEST_END 2026-10-09T08:28:38Z tests/fm-pi-branch-extension.test.sh exit=0 duration_ms=109637 gate_skip=false
FM_TEST_SUMMARY total=2 failed=0 skipped_gate=0 duration_ms=147218
FM_TEST_SUMMARY_FAMILY family=standalone count=2 duration_ms=147075 failed=0
FM_TEST_SLOWEST rank=1 script=tests/fm-pi-branch-extension.test.sh duration_ms=109637
FM_TEST_SLOWEST rank=2 script=tests/fm-branch-supervision.test.sh duration_ms=37438
